\BOOKMARK [1][-]{section.1}{\376\377\0001\000\040\137\000\127\072\377\032\116\000\127\072\121\163\116\216\060\014\116\272\166\204\117\115\177\156\060\015\166\204\116\073\230\230\157\024\213\262}{}% 1
\BOOKMARK [2][-]{subsection.1.1}{\376\377\0001\000.\0001\000\040\157\024\213\262\200\005\116\016\000\040\000C\000T\000F\000\040\171\076\123\072\166\204\145\271\154\325\213\272\215\167\160\271}{section.1}% 2
\BOOKMARK [2][-]{subsection.1.2}{\376\377\0001\000.\0002\000\040\147\054\172\340\134\017\176\323}{section.1}% 3
\BOOKMARK [1][-]{section.2}{\376\377\0002\000\040\127\050\000\040\000a\000g\000e\000n\000t\000\040\116\113\122\115\377\032\157\017\155\036\123\321\163\260\166\204\116\011\147\141\211\304\152\041\123\026\215\357\137\204}{}% 4
\BOOKMARK [2][-]{subsection.2.1}{\376\377\0002\000.\0001\000\040\000A\000g\000e\000n\000t\000i\000c\000\040\145\366\116\343\000\040\000=\000\040\000L\000L\000M\000\040\145\366\116\343}{section.2}% 5
\BOOKMARK [2][-]{subsection.2.2}{\376\377\0002\000.\0002\000\040\116\011\171\315\142\212\157\017\155\036\123\321\163\260\201\352\122\250\123\026\166\204\145\271\137\017}{section.2}% 6
\BOOKMARK [2][-]{subsection.2.3}{\376\377\0002\000.\0003\000\040\231\174\136\162\152\041\133\120\377\032\116\072\116\300\116\110\060\014\143\142\116\052\145\271\137\017\060\015\200\375\142\176\122\060\145\260\157\017\155\036}{section.2}% 7
\BOOKMARK [2][-]{subsection.2.4}{\376\377\0002\000.\0004\000\040\135\345\121\167\116\113\225\364\121\166\133\236\137\210\226\276\153\324\217\203}{section.2}% 8
\BOOKMARK [2][-]{subsection.2.5}{\376\377\0002\000.\0005\000\040\147\054\172\340\134\017\176\323}{section.2}% 9
\BOOKMARK [1][-]{section.3}{\376\377\0003\000\040\157\017\155\036\134\136\140\047\377\032\142\212\173\054\116\000\116\052\000\040\0000\000d\000a\000y\000\040\123\330\142\020\145\271\154\325\213\272}{}% 10
\BOOKMARK [2][-]{subsection.3.1}{\376\377\0003\000.\0001\000\040\150\110\117\213\377\032\165\050\000\040\000A\000n\000d\000r\000o\000i\000d\000\040\166\204\135\362\167\345\134\136\140\047\133\241\213\241\000\040\000O\000p\000e\000n\000H\000a\000r\000m\000o\000n\000y}{section.3}% 11
\BOOKMARK [2][-]{subsection.3.2}{\376\377\0003\000.\0002\000\040\147\054\172\340\134\017\176\323}{section.3}% 12
\BOOKMARK [1][-]{section.4}{\376\377\0004\000\040\116\016\000\040\000M\000y\000t\000h\000o\000s\000\040\133\371\161\147\377\032\135\345\117\134\155\101\116\016\134\136\140\047\000\040\000v\000s\000\040\146\364\137\072\166\204\152\041\127\213}{}% 13
\BOOKMARK [2][-]{subsection.4.1}{\376\377\0004\000.\0001\000\040\116\000\127\072\221\115\177\156\225\031\213\357\166\204\060\014\145\340\226\120\230\235\136\246\060\015\133\236\232\214}{section.4}% 14
\BOOKMARK [2][-]{subsection.4.2}{\376\377\0004\000.\0002\000\040\126\333\116\052\145\160\133\127\116\016\116\000\147\141\135\345\117\134\155\101}{section.4}% 15
\BOOKMARK [2][-]{subsection.4.3}{\376\377\0004\000.\0003\000\040\147\054\172\340\134\017\176\323}{section.4}% 16
\BOOKMARK [1][-]{section.5}{\376\377\0005\000\040\123\321\163\260\220\037\136\246\000\040\000\327\0001\0000\377\032\215\037\215\043\116\373\142\253\227\062\163\207\121\110\135\051\156\203}{}% 17
\BOOKMARK [2][-]{subsection.5.1}{\376\377\0005\000.\0001\000\040\142\245\124\112\142\020\116\206\145\260\166\204\164\366\230\210}{section.5}% 18
\BOOKMARK [2][-]{subsection.5.2}{\376\377\0005\000.\0002\000\040\116\072\116\300\116\110\142\253\227\062\147\054\216\253\122\066\220\040\230\316\226\151}{section.5}% 19
\BOOKMARK [2][-]{subsection.5.3}{\376\377\0005\000.\0003\000\040\142\212\225\356\230\230\123\330\142\020\127\372\170\100\213\276\145\275\377\032\000t\000o\000o\000m\000a\000n\000y\000b\000u\000g\000s\000.\000w\000t\000f}{section.5}% 20
\BOOKMARK [2][-]{subsection.5.4}{\376\377\0005\000.\0004\000\040\147\054\172\340\134\017\176\323}{section.5}% 21
\BOOKMARK [1][-]{section.6}{\376\377\0006\000\040\121\150\220\350\165\050\000\040\000R\000u\000s\000t\000\040\221\315\121\231\377\037\157\017\155\036\134\136\140\047\117\032\215\337\167\100\116\343\170\001\215\160}{}% 22
\BOOKMARK [2][-]{subsection.6.1}{\376\377\0006\000.\0001\000\040\000S\000a\000f\000e\000L\000i\000b\000s\377\032\116\000\153\041\213\244\167\037\166\204\133\236\232\214}{section.6}% 23
\BOOKMARK [2][-]{subsection.6.2}{\376\377\0006\000.\0002\000\040\176\323\213\272\377\032\213\355\212\000\143\142\116\015\143\211\134\136\140\047}{section.6}% 24
\BOOKMARK [2][-]{subsection.6.3}{\376\377\0006\000.\0003\000\040\163\260\133\236\116\026\165\114\221\314\166\204\124\014\116\000\213\376}{section.6}% 25
\BOOKMARK [2][-]{subsection.6.4}{\376\377\0006\000.\0004\000\040\147\054\172\340\134\017\176\323}{section.6}% 26
\BOOKMARK [1][-]{section.7}{\376\377\0007\000\040\116\272\166\204\117\115\177\156\377\032\137\000\145\076\152\041\127\213\060\001\145\131\200\262\116\016\201\352\116\073\060\014\225\020\123\026\060\015\155\101\154\064\176\277}{}% 27
\BOOKMARK [2][-]{subsection.7.1}{\376\377\0007\000.\0001\000\040\226\120\122\066\152\041\127\213\116\015\146\057\145\271\124\021}{section.7}% 28
\BOOKMARK [2][-]{subsection.7.2}{\376\377\0007\000.\0002\000\040\116\272\174\173\133\146\116\140\377\032\000a\000g\000e\000n\000t\000\040\124\003\143\211\000\040\0009\0000\000\045\000\040\166\204\135\345\117\134\377\014\122\151\116\013\166\204\146\057\147\140\147\106}{section.7}% 29
\BOOKMARK [2][-]{subsection.7.3}{\376\377\0007\000.\0003\000\040\133\146\147\057\170\024\172\166\166\204\116\013\116\000\172\331\377\032\201\352\116\073\060\014\225\020\123\026\060\015\155\101\154\064\176\277}{section.7}% 30
\BOOKMARK [2][-]{subsection.7.4}{\376\377\0007\000.\0004\000\040\147\054\172\340\134\017\176\323}{section.7}% 31
\BOOKMARK [1][-]{section.8}{\376\377\0008\000\040\140\073\176\323\116\016\136\366\117\070}{}% 32
\BOOKMARK [2][-]{subsection.8.1}{\376\377\0008\000.\0001\000\040\213\262\200\005\145\066\147\137\166\204\123\237\213\335}{section.8}% 33
\BOOKMARK [2][-]{subsection.8.2}{\376\377\0008\000.\0002\000\040\147\054\213\262\116\111\166\204\116\011\160\271\143\320\160\274}{section.8}% 34
\BOOKMARK [2][-]{subsection.8.3}{\376\377\0008\000.\0003\000\040\137\000\145\076\225\356\230\230}{section.8}% 35
\BOOKMARK [2][-]{subsection.8.4}{\376\377\0008\000.\0004\000\040\142\323\134\125\226\005\213\373}{section.8}% 36
\BOOKMARK [1][-]{section.9}{\376\377\0009\000\040\123\302\200\003\215\104\145\231}{}% 37
\BOOKMARK [1][-]{appendix.A}{\376\377\000A\000\040\133\127\136\125\123\273\221\315\117\030\123\026\162\110}{}% 38
